// Jest Snapshot v1, https://goo.gl/fbAQLP

exports[`Gift renders correctly 1`] = `
ShallowWrapper {
  "complexSelector": ComplexSelector {
    "buildPredicate": [Function],
    "childrenOfNode": [Function],
    "findWhereUnwrapped": [Function],
  },
  "length": 1,
  "node": <Row
    bsClass="row"
    className="gift"
    componentClass="div"
>
    <Form
        bsClass="form"
        className="gift__form"
        componentClass="form"
        horizontal={false}
        inline={false}
    >
        <div
            className="row"
        >
            <Col
                bsClass="col"
                componentClass="div"
                md={5}
            >
                <FormGroup
                    bsClass="form-group"
                >
                    <ControlLabel
                        bsClass="control-label"
                        srOnly={false}
                    >
                        Person
                    </ControlLabel>
                    <FormControl
                        bsClass="form-control"
                        className="input-person"
                        componentClass="input"
                        onChange={[Function]}
                    />
                </FormGroup>
            </Col>
            <Col
                bsClass="col"
                componentClass="div"
                md={5}
            >
                <FormGroup
                    bsClass="form-group"
                >
                    <ControlLabel
                        bsClass="control-label"
                        srOnly={false}
                    >
                        Present
                    </ControlLabel>
                    <FormControl
                        bsClass="form-control"
                        className="input-gift"
                        componentClass="input"
                        onChange={[Function]}
                    />
                </FormGroup>
            </Col>
            <Col
                bsClass="col"
                className="gift__form__row__button"
                componentClass="div"
                md={2}
            >
                <Button
                    active={false}
                    block={false}
                    bsClass="btn"
                    bsStyle="default"
                    className="btn btn-danger button-remove"
                    disabled={false}
                    onClick={[Function]}
                    type="button"
                >
                    X
                </Button>
            </Col>
        </div>
    </Form>
</Row>,
  "nodes": Array [
    <Row
      bsClass="row"
      className="gift"
      componentClass="div"
>
      <Form
            bsClass="form"
            className="gift__form"
            componentClass="form"
            horizontal={false}
            inline={false}
      >
            <div
                  className="row"
            >
                  <Col
                        bsClass="col"
                        componentClass="div"
                        md={5}
                  >
                        <FormGroup
                              bsClass="form-group"
                        >
                              <ControlLabel
                                    bsClass="control-label"
                                    srOnly={false}
                              >
                                    Person
                              </ControlLabel>
                              <FormControl
                                    bsClass="form-control"
                                    className="input-person"
                                    componentClass="input"
                                    onChange={[Function]}
                              />
                        </FormGroup>
                  </Col>
                  <Col
                        bsClass="col"
                        componentClass="div"
                        md={5}
                  >
                        <FormGroup
                              bsClass="form-group"
                        >
                              <ControlLabel
                                    bsClass="control-label"
                                    srOnly={false}
                              >
                                    Present
                              </ControlLabel>
                              <FormControl
                                    bsClass="form-control"
                                    className="input-gift"
                                    componentClass="input"
                                    onChange={[Function]}
                              />
                        </FormGroup>
                  </Col>
                  <Col
                        bsClass="col"
                        className="gift__form__row__button"
                        componentClass="div"
                        md={2}
                  >
                        <Button
                              active={false}
                              block={false}
                              bsClass="btn"
                              bsStyle="default"
                              className="btn btn-danger button-remove"
                              disabled={false}
                              onClick={[Function]}
                              type="button"
                        >
                              X
                        </Button>
                  </Col>
            </div>
      </Form>
</Row>,
  ],
  "options": Object {},
  "renderer": ReactShallowRenderer {
    "_instance": ShallowComponentWrapper {
      "_calledComponentWillUnmount": false,
      "_compositeType": 0,
      "_context": Object {},
      "_currentElement": <Gift
        gift={1}
        handleRemove={[Function]}
/>,
      "_debugID": 1,
      "_hostContainerInfo": null,
      "_hostParent": null,
      "_instance": Gift {
        "_reactInternalInstance": [Circular],
        "context": Object {},
        "props": Object {
          "gift": 1,
          "handleRemove": [Function],
        },
        "refs": Object {},
        "state": Object {
          "person": "",
          "present": "",
        },
        "updater": Object {
          "enqueueCallback": [Function],
          "enqueueCallbackInternal": [Function],
          "enqueueElementInternal": [Function],
          "enqueueForceUpdate": [Function],
          "enqueueReplaceState": [Function],
          "enqueueSetState": [Function],
          "isMounted": [Function],
          "validateCallback": [Function],
        },
      },
      "_mountOrder": 1,
      "_pendingCallbacks": null,
      "_pendingElement": null,
      "_pendingForceUpdate": false,
      "_pendingReplaceState": false,
      "_pendingStateQueue": null,
      "_renderedComponent": NoopInternalComponent {
        "_currentElement": <Row
          bsClass="row"
          className="gift"
          componentClass="div"
>
          <Form
                    bsClass="form"
                    className="gift__form"
                    componentClass="form"
                    horizontal={false}
                    inline={false}
          >
                    <div
                              className="row"
                    >
                              <Col
                                        bsClass="col"
                                        componentClass="div"
                                        md={5}
                              >
                                        <FormGroup
                                                  bsClass="form-group"
                                        >
                                                  <ControlLabel
                                                            bsClass="control-label"
                                                            srOnly={false}
                                                  >
                                                            Person
                                                  </ControlLabel>
                                                  <FormControl
                                                            bsClass="form-control"
                                                            className="input-person"
                                                            componentClass="input"
                                                            onChange={[Function]}
                                                  />
                                        </FormGroup>
                              </Col>
                              <Col
                                        bsClass="col"
                                        componentClass="div"
                                        md={5}
                              >
                                        <FormGroup
                                                  bsClass="form-group"
                                        >
                                                  <ControlLabel
                                                            bsClass="control-label"
                                                            srOnly={false}
                                                  >
                                                            Present
                                                  </ControlLabel>
                                                  <FormControl
                                                            bsClass="form-control"
                                                            className="input-gift"
                                                            componentClass="input"
                                                            onChange={[Function]}
                                                  />
                                        </FormGroup>
                              </Col>
                              <Col
                                        bsClass="col"
                                        className="gift__form__row__button"
                                        componentClass="div"
                                        md={2}
                              >
                                        <Button
                                                  active={false}
                                                  block={false}
                                                  bsClass="btn"
                                                  bsStyle="default"
                                                  className="btn btn-danger button-remove"
                                                  disabled={false}
                                                  onClick={[Function]}
                                                  type="button"
                                        >
                                                  X
                                        </Button>
                              </Col>
                    </div>
          </Form>
</Row>,
        "_debugID": 2,
        "_renderedOutput": <Row
          bsClass="row"
          className="gift"
          componentClass="div"
>
          <Form
                    bsClass="form"
                    className="gift__form"
                    componentClass="form"
                    horizontal={false}
                    inline={false}
          >
                    <div
                              className="row"
                    >
                              <Col
                                        bsClass="col"
                                        componentClass="div"
                                        md={5}
                              >
                                        <FormGroup
                                                  bsClass="form-group"
                                        >
                                                  <ControlLabel
                                                            bsClass="control-label"
                                                            srOnly={false}
                                                  >
                                                            Person
                                                  </ControlLabel>
                                                  <FormControl
                                                            bsClass="form-control"
                                                            className="input-person"
                                                            componentClass="input"
                                                            onChange={[Function]}
                                                  />
                                        </FormGroup>
                              </Col>
                              <Col
                                        bsClass="col"
                                        componentClass="div"
                                        md={5}
                              >
                                        <FormGroup
                                                  bsClass="form-group"
                                        >
                                                  <ControlLabel
                                                            bsClass="control-label"
                                                            srOnly={false}
                                                  >
                                                            Present
                                                  </ControlLabel>
                                                  <FormControl
                                                            bsClass="form-control"
                                                            className="input-gift"
                                                            componentClass="input"
                                                            onChange={[Function]}
                                                  />
                                        </FormGroup>
                              </Col>
                              <Col
                                        bsClass="col"
                                        className="gift__form__row__button"
                                        componentClass="div"
                                        md={2}
                              >
                                        <Button
                                                  active={false}
                                                  block={false}
                                                  bsClass="btn"
                                                  bsStyle="default"
                                                  className="btn btn-danger button-remove"
                                                  disabled={false}
                                                  onClick={[Function]}
                                                  type="button"
                                        >
                                                  X
                                        </Button>
                              </Col>
                    </div>
          </Form>
</Row>,
      },
      "_renderedNodeType": 1,
      "_rootNodeID": 0,
      "_topLevelWrapper": null,
      "_updateBatchNumber": null,
      "_warnedAboutRefsInRender": false,
    },
    "getRenderOutput": [Function],
    "render": [Function],
  },
  "root": [Circular],
  "unrendered": <Gift
    gift={1}
    handleRemove={[Function]}
/>,
}
`;
